$ C:\my_global_workflow_worktrees\solmax\.tmp\zaratustra-stage1-20260916\.venv\Scripts\python.exe -m ruff format --check src tools tests
177 files already formatted
$ C:\my_global_workflow_worktrees\solmax\.tmp\zaratustra-stage1-20260916\.venv\Scripts\python.exe -m ruff check src tools tests
All checks passed!
$ C:\my_global_workflow_worktrees\solmax\.tmp\zaratustra-stage1-20260916\.venv\Scripts\python.exe -m mypy src tools tests
Success: no issues found in 150 source files
$ C:\my_global_workflow_worktrees\solmax\.tmp\zaratustra-stage1-20260916\.venv\Scripts\lint-imports.EXE --no-cache

╔══╗─────────▶╔╗ ╔╗      ╔╗◀───┐
╚╣╠╝◀─────┐  ╔╝╚╗║║────▶╔╝╚╗   │
 ║║   ╔══╦══╦╩╗╔╝║║  ╔╦═╩╗╔╝╔═╦══╗
 ║║╔══╣╔╗║╔╗║╔╣║ ║║ ╔╬╣╔╗║║ ║│║╔═╝
╔╣╠╣║║║╚╝║╚╝║║║╚╗║╚═╝║║║║║╚╗║═╣║
╚══╩╩╩╣╔═╩══╩╝╚═╝╚═══╩╩╝╚╩═╩╩═╩╝
  └──▶║║                    ▲ 
      ╚╝────────────────────┘


---------
Contracts
---------

Analyzed 103 files, 298 dependencies.
-------------------------------------

Standard connection resources have no product authority dependency KEPT
Installed product never imports development tests or tools KEPT
CLI may depend on Core, Core cannot depend on CLI KEPT
Core has no surface dependency KEPT
Entry catalog depends only on Core KEPT
Incoming material coordinator depends only on Core KEPT
First use has no trusted adapter, Pack or development dependency KEPT
Process creation has no trusted adapter or development dependency KEPT
Process change has no trusted adapter or development dependency KEPT
Public onboarding has no trusted adapter or development dependency KEPT
Process probe uses Core; Core has no process-rule dependency KEPT
Process rules have no trusted adapter dependency KEPT
Journal has no host, Home registry or legacy workflow dependency KEPT
Home Registry has no agent or workflow dependency KEPT
Common Home commands never depend on a particular agent host KEPT
Core has no external pack dependency KEPT
Packs have no trusted adapter or fictional probe dependency KEPT
Core and generic packs do not depend on fictional signal rules KEPT
Fictional signal has no trusted surface or other fixture dependency KEPT
Core and generic packs do not depend on fictional lot rules KEPT
Fictional lot has no trusted surface or probe dependency KEPT
Process construction inputs stay development-only and untrusted KEPT
Process skills depend on journal, not a particular agent or workflow KEPT
Core and journal have no skill policy dependency KEPT

Contracts: 24 kept, 0 broken.
$ C:\my_global_workflow_worktrees\solmax\.tmp\zaratustra-stage1-20260916\.venv\Scripts\python.exe -m pytest tests -q
........................................................................ [ 15%]
........................................................................ [ 30%]
........................................................................ [ 45%]
....................F................................................... [ 60%]
........................................................................ [ 76%]
........................................................................ [ 91%]
.........................................                                [100%]
================================== FAILURES ===================================
________ test_relocation_preserves_concurrently_added_independent_row _________

tmp_path = WindowsPath('C:/my_global_workflow_worktrees/solmax/.tmp/zaratustra-stage1-20260916/.tmp/stage2b-full-tests/test_relocation_preserves_conc0')

    def test_relocation_preserves_concurrently_added_independent_row(tmp_path: Path) -> None:
        original, added_path = tmp_path / "original", tmp_path / "added"
        original_work = bootstrap(original, "Relocated Process")
        added_work = bootstrap(added_path, "Added Process")
        catalog = tmp_path / "catalog.json"
        add_entry(catalog, "Alpha", original, original_work)
        moved = tmp_path / "moved"
        original.rename(moved)
        results = overlapping_processes(
            tmp_path,
            (
                ("relocate", "Alpha", moved, original_work),
                ("add", "Beta", added_path, added_work),
            ),
        )
    
>       assert {row["designation"] for row in results} == {"Alpha", "Beta"}
                ^^^^^^^^^^^^^^^^^^
E       KeyError: 'designation'

tests\zaratustra\entry\test_catalog.py:282: KeyError
=========================== short test summary info ===========================
FAILED tests/zaratustra/entry/test_catalog.py::test_relocation_preserves_concurrently_added_independent_row
1 failed, 472 passed in 251.76s (0:04:11)
Traceback (most recent call last):
  File "<frozen runpy>", line 198, in _run_module_as_main
  File "<frozen runpy>", line 88, in _run_code
  File "C:\my_global_workflow_worktrees\solmax\.tmp\zaratustra-stage1-20260916\tools\check.py", line 148, in <module>
    raise SystemExit(main())
                     ~~~~^^
  File "C:\my_global_workflow_worktrees\solmax\.tmp\zaratustra-stage1-20260916\tools\check.py", line 134, in main
    run([sys.executable, "-m", "pytest", *(test_files or ["tests"]), "-q"])
    ~~~^^^^^^^^^^^^^^^^^^^^^^^^^^^^^^^^^^^^^^^^^^^^^^^^^^^^^^^^^^^^^^^^^^^^
  File "C:\my_global_workflow_worktrees\solmax\.tmp\zaratustra-stage1-20260916\tools\check.py", line 19, in run
    subprocess.run(command, cwd=root, check=True)
    ~~~~~~~~~~~~~~^^^^^^^^^^^^^^^^^^^^^^^^^^^^^^^
  File "C:\Users\Anton\AppData\Roaming\uv\python\cpython-3.13.7-windows-x86_64-none\Lib\subprocess.py", line 577, in run
    raise CalledProcessError(retcode, process.args,
                             output=stdout, stderr=stderr)
subprocess.CalledProcessError: Command '['C:\\my_global_workflow_worktrees\\solmax\\.tmp\\zaratustra-stage1-20260916\\.venv\\Scripts\\python.exe', '-m', 'pytest', 'tests', '-q']' returned non-zero exit status 1.
