{
  "event": {
    "id": "a23d88b5-132a-434c-b6de-c339c48130f1",
    "state_revision": 12,
    "recorded_at": "2026-09-08T16:46:57.117288Z",
    "product_version": "0.7.0",
    "request": {
      "version": 4,
      "operation_id": "9179d4f8-d868-49c0-8ec8-3df7078bffc8",
      "workspace_id": "4846e59f-b3f8-4ed1-9bb3-fea22f713b88",
      "work_id": "56785bef-c147-4236-b12a-cad24845567a",
      "expected_revision": 11,
      "operation": "submit_result",
      "requirements": [],
      "artifact_references": [],
      "provenance": "Work7 fictional trial; exact fixture confirmed by owner",
      "artifact_id": null,
      "artifact_revision": null,
      "content_sha256": null,
      "content_size": null,
      "restore_version": null,
      "references": [
        {
          "artifact_id": "ae7eca56-fd16-41ad-b262-2981468b922e",
          "version_id": "75a8c7b3-3f17-4a50-a777-c70f3515bfd8",
          "sha256": "6fd73651c03ddf966703c5b96f6b7a7da79a6d3482b82342f191dd4ea9299b45"
        }
      ],
      "handoff": null,
      "delivery": null,
      "submission": {
        "source_revision": 11,
        "result": {
          "artifact_id": "ae7eca56-fd16-41ad-b262-2981468b922e",
          "version_id": "75a8c7b3-3f17-4a50-a777-c70f3515bfd8",
          "sha256": "6fd73651c03ddf966703c5b96f6b7a7da79a6d3482b82342f191dd4ea9299b45"
        },
        "acceptance_ids": [
          "d0032728-4bb3-41b7-b8ee-b3996c872dc8",
          "9530e3d4-0ccb-4a93-845f-bfcd724dd771"
        ],
        "next_work": {
          "work_id": "09154bbb-34e0-4917-ad85-74cbaee0824d",
          "artifact_id": "7f72c737-0ed3-420d-bc82-dfe69996cdb2",
          "goal": "Сравнить два сохранённых описания вымышленной луны",
          "expected_result": "Краткое сравнение",
          "acceptance": [
            "Указать, что серебряный край виден на закате, и сослаться на обе сохранённые версии"
          ],
          "boundaries": [
            "Только Fictional observatory, без внешних действий"
          ],
          "budget": "One short local session",
          "executor_requirements": [],
          "artifact_title": "Краткое сравнение",
          "authority_scope": "work_metadata"
        }
      }
    },
    "confirmation": {
      "channel": "local-console",
      "actor": "local-console-operator",
      "source_ref": "console-confirmation:66cb4bd8-f3ea-4616-b901-b7150209305a",
      "confirmed_at": "2026-09-08T16:46:57.105246Z",
      "workspace_path": "C:/Users/Anton/AppData/Local/Temp/zaratustra-work7-m8i5i307/workspace",
      "request_sha256": "2fa45afc0e923bf705638306d52f557dfaaf35183b373d4ced1e191a94769039"
    },
    "fingerprint": "9fab4b4d1fa4c678171d9f136e94006fd81bf3e557d8ab2af6ad380776cc0612",
    "before": {
      "id": "56785bef-c147-4236-b12a-cad24845567a",
      "revision": 11,
      "created_at": "2026-09-08T04:03:30.216247Z",
      "kind": "work",
      "process_id": "bae978a9-a181-4368-be55-b1837fd47747",
      "goal": "Describe an imaginary moon",
      "expected_result": "A short fictional observation",
      "acceptance": [
        "The observation is saved"
      ],
      "boundaries": [
        "Fictional data only"
      ],
      "budget": "One short local session",
      "status": "ready",
      "authority_scope": "work_metadata_and_artifact",
      "context_handles": [],
      "dependencies": [],
      "executor_requirements": [
        "reasoning",
        "coding"
      ]
    },
    "after": {
      "id": "56785bef-c147-4236-b12a-cad24845567a",
      "revision": 12,
      "created_at": "2026-09-08T04:03:30.216247Z",
      "kind": "work",
      "process_id": "bae978a9-a181-4368-be55-b1837fd47747",
      "goal": "Describe an imaginary moon",
      "expected_result": "A short fictional observation",
      "acceptance": [
        "The observation is saved"
      ],
      "boundaries": [
        "Fictional data only"
      ],
      "budget": "One short local session",
      "status": "done",
      "authority_scope": "work_metadata_and_artifact",
      "context_handles": [],
      "dependencies": [],
      "executor_requirements": [
        "reasoning",
        "coding"
      ],
      "completion_id": "9179d4f8-d868-49c0-8ec8-3df7078bffc8"
    },
    "affected_projections": [
      "overview.md"
    ],
    "artifact_before": null,
    "artifact_after": null,
    "artifact_version": null,
    "next_work": {
      "id": "09154bbb-34e0-4917-ad85-74cbaee0824d",
      "revision": 12,
      "created_at": "2026-09-08T16:46:57.117288Z",
      "kind": "work",
      "process_id": "bae978a9-a181-4368-be55-b1837fd47747",
      "goal": "Сравнить два сохранённых описания вымышленной луны",
      "expected_result": "Краткое сравнение",
      "acceptance": [
        "Указать, что серебряный край виден на закате, и сослаться на обе сохранённые версии"
      ],
      "boundaries": [
        "Только Fictional observatory, без внешних действий"
      ],
      "budget": "One short local session",
      "status": "ready",
      "authority_scope": "work_metadata",
      "context_handles": [],
      "dependencies": [],
      "executor_requirements": []
    },
    "next_artifact": {
      "id": "7f72c737-0ed3-420d-bc82-dfe69996cdb2",
      "revision": 1,
      "created_at": "2026-09-08T16:46:57.117288Z",
      "kind": "artifact",
      "process_id": "bae978a9-a181-4368-be55-b1837fd47747",
      "work_id": "09154bbb-34e0-4917-ad85-74cbaee0824d",
      "title": "Краткое сравнение",
      "status": "declared",
      "active_version": null
    },
    "result_artifact": {
      "id": "ae7eca56-fd16-41ad-b262-2981468b922e",
      "revision": 3,
      "created_at": "2026-09-08T04:03:30.216247Z",
      "kind": "artifact",
      "process_id": "bae978a9-a181-4368-be55-b1837fd47747",
      "work_id": "56785bef-c147-4236-b12a-cad24845567a",
      "title": "Observation draft",
      "status": "registered",
      "active_version": "75a8c7b3-3f17-4a50-a777-c70f3515bfd8"
    },
    "result_references": [
      {
        "artifact_id": "ae7eca56-fd16-41ad-b262-2981468b922e",
        "version_id": "75a8c7b3-3f17-4a50-a777-c70f3515bfd8",
        "sha256": "6fd73651c03ddf966703c5b96f6b7a7da79a6d3482b82342f191dd4ea9299b45"
      },
      {
        "artifact_id": "ae7eca56-fd16-41ad-b262-2981468b922e",
        "version_id": "258ea271-3f06-4c29-9caa-09cf2613d2d4",
        "sha256": "de22a67833d4525f95d460d75890f8a046a08d51e19bd086e380df104afd1214"
      }
    ]
  },
  "receipt": {
    "operation_id": "9179d4f8-d868-49c0-8ec8-3df7078bffc8",
    "event_id": "a23d88b5-132a-434c-b6de-c339c48130f1",
    "workspace_id": "4846e59f-b3f8-4ed1-9bb3-fea22f713b88",
    "work_id": "56785bef-c147-4236-b12a-cad24845567a",
    "previous_revision": 11,
    "new_revision": 12,
    "fingerprint": "9fab4b4d1fa4c678171d9f136e94006fd81bf3e557d8ab2af6ad380776cc0612",
    "recorded_at": "2026-09-08T16:46:57.117288Z",
    "product_version": "0.7.0",
    "affected_projections": [
      "overview.md"
    ]
  }
}
