$ C:\projects\zaratustra\_scratch\work7-result\.venv\Scripts\python.exe -m ruff format --check src tools tests
44 files already formatted
$ C:\projects\zaratustra\_scratch\work7-result\.venv\Scripts\python.exe -m ruff check src tools tests
All checks passed!
$ C:\projects\zaratustra\_scratch\work7-result\.venv\Scripts\python.exe -m mypy src tools tests
Success: no issues found in 40 source files
$ C:\projects\zaratustra\_scratch\work7-result\.venv\Scripts\lint-imports.EXE --no-cache

╔══╗─────────▶╔╗ ╔╗      ╔╗◀───┐
╚╣╠╝◀─────┐  ╔╝╚╗║║────▶╔╝╚╗   │
 ║║   ╔══╦══╦╩╗╔╝║║  ╔╦═╩╗╔╝╔═╦══╗
 ║║╔══╣╔╗║╔╗║╔╣║ ║║ ╔╬╣╔╗║║ ║│║╔═╝
╔╣╠╣║║║╚╝║╚╝║║║╚╗║╚═╝║║║║║╚╗║═╣║
╚══╩╩╩╣╔═╩══╩╝╚═╝╚═══╩╩╝╚╩═╩╩═╩╝
  └──▶║║                    ▲ 
      ╚╝────────────────────┘


---------
Contracts
---------

Analyzed 19 files, 47 dependencies.
-----------------------------------

CLI may depend on Core, Core cannot depend on CLI KEPT
Core has no surface dependency KEPT

Contracts: 2 kept, 0 broken.
$ C:\projects\zaratustra\_scratch\work7-result\.venv\Scripts\python.exe -m pytest tests -q
........................................................F............... [ 52%]
...........................................................FF.....       [100%]
================================== FAILURES ===================================
________________ test_unsupported_completed_value_cannot_open _________________

workspace = WindowsPath('C:/Users/Anton/AppData/Local/Temp/pytest-of-Anton/pytest-830/test_unsupported_completed_val0/selected-copy/workspace')

    def test_unsupported_completed_value_cannot_open(workspace: Path) -> None:
        work = next(row for row in read_records(workspace).records if isinstance(row, Work))
>       with pytest.raises(ValidationError):
             ^^^^^^^^^^^^^^^^^^^^^^^^^^^^^^
E       Failed: DID NOT RAISE ValidationError

tests\zaratustra\core\test_context.py:294: Failed
_______ test_newer_schema_is_refused_without_rewriting[read_workspace] ________

tmp_path = WindowsPath('C:/Users/Anton/AppData/Local/Temp/pytest-of-Anton/pytest-830/test_newer_schema_is_refused_w0')
command = <function read_workspace at 0x0000021F3B5C7880>

    @pytest.mark.parametrize("command", [read_workspace, init_workspace])
    def test_newer_schema_is_refused_without_rewriting(tmp_path: Path, command: object) -> None:
        info = init_workspace(tmp_path)
        # Deliberately invalid isolated fixture, never a repair of acceptance data.
        with closing(sqlite3.connect(info.database)) as connection:
            connection.execute("PRAGMA user_version = 6")
        before = info.database.read_bytes()
        assert callable(command)
>       with pytest.raises(WorkspaceError, match="Unsupported"):
             ^^^^^^^^^^^^^^^^^^^^^^^^^^^^^^^^^^^^^^^^^^^^^^^^^^
E       AssertionError: Regex pattern did not match.
E         Expected regex: 'Unsupported'
E         Actual message: 'Migration history does not match this installed version.'

tests\zaratustra\core\test_workspace.py:58: AssertionError
_______ test_newer_schema_is_refused_without_rewriting[init_workspace] ________

tmp_path = WindowsPath('C:/Users/Anton/AppData/Local/Temp/pytest-of-Anton/pytest-830/test_newer_schema_is_refused_w1')
command = <function init_workspace at 0x0000021F3B5C7920>

    @pytest.mark.parametrize("command", [read_workspace, init_workspace])
    def test_newer_schema_is_refused_without_rewriting(tmp_path: Path, command: object) -> None:
        info = init_workspace(tmp_path)
        # Deliberately invalid isolated fixture, never a repair of acceptance data.
        with closing(sqlite3.connect(info.database)) as connection:
            connection.execute("PRAGMA user_version = 6")
        before = info.database.read_bytes()
        assert callable(command)
>       with pytest.raises(WorkspaceError, match="Unsupported"):
             ^^^^^^^^^^^^^^^^^^^^^^^^^^^^^^^^^^^^^^^^^^^^^^^^^^
E       AssertionError: Regex pattern did not match.
E         Expected regex: 'Unsupported'
E         Actual message: 'Cannot initialize workspace; files retained: Migration history does not match this installed version.'

tests\zaratustra\core\test_workspace.py:58: AssertionError
=========================== short test summary info ===========================
FAILED tests/zaratustra/core/test_context.py::test_unsupported_completed_value_cannot_open
FAILED tests/zaratustra/core/test_workspace.py::test_newer_schema_is_refused_without_rewriting[read_workspace]
FAILED tests/zaratustra/core/test_workspace.py::test_newer_schema_is_refused_without_rewriting[init_workspace]
3 failed, 135 passed in 31.33s
